Archive member included to satisfy reference by file (symbol)

d:/03- imt sdk/imt_sdk_win_64/winarm/armgcc/bin/../lib/gcc/arm-none-eabi/7.2.1/../../../../arm-none-eabi/lib/thumb/v7e-m\libg_nano.a(lib_a-errno.o)
                              ./system/src/newlib/_sbrk.o (__errno)
d:/03- imt sdk/imt_sdk_win_64/winarm/armgcc/bin/../lib/gcc/arm-none-eabi/7.2.1/../../../../arm-none-eabi/lib/thumb/v7e-m\libg_nano.a(lib_a-impure.o)
                              d:/03- imt sdk/imt_sdk_win_64/winarm/armgcc/bin/../lib/gcc/arm-none-eabi/7.2.1/../../../../arm-none-eabi/lib/thumb/v7e-m\libg_nano.a(lib_a-errno.o) (_impure_ptr)
d:/03- imt sdk/imt_sdk_win_64/winarm/armgcc/bin/../lib/gcc/arm-none-eabi/7.2.1/../../../../arm-none-eabi/lib/thumb/v7e-m\libg_nano.a(lib_a-strlen.o)
                              ./system/src/diag/Trace.o (strlen)
d:/03- imt sdk/imt_sdk_win_64/winarm/armgcc/bin/../lib/gcc/arm-none-eabi/7.2.1/../../../../arm-none-eabi/lib/thumb/v7e-m\libg_nano.a(lib_a-vsnprintf.o)
                              ./system/src/diag/Trace.o (vsnprintf)
d:/03- imt sdk/imt_sdk_win_64/winarm/armgcc/bin/../lib/gcc/arm-none-eabi/7.2.1/../../../../arm-none-eabi/lib/thumb/v7e-m\libg_nano.a(lib_a-nano-svfprintf.o)
                              d:/03- imt sdk/imt_sdk_win_64/winarm/armgcc/bin/../lib/gcc/arm-none-eabi/7.2.1/../../../../arm-none-eabi/lib/thumb/v7e-m\libg_nano.a(lib_a-vsnprintf.o) (_svfprintf_r)
d:/03- imt sdk/imt_sdk_win_64/winarm/armgcc/bin/../lib/gcc/arm-none-eabi/7.2.1/../../../../arm-none-eabi/lib/thumb/v7e-m\libg_nano.a(lib_a-nano-vfprintf_i.o)
                              d:/03- imt sdk/imt_sdk_win_64/winarm/armgcc/bin/../lib/gcc/arm-none-eabi/7.2.1/../../../../arm-none-eabi/lib/thumb/v7e-m\libg_nano.a(lib_a-nano-svfprintf.o) (_printf_i)
d:/03- imt sdk/imt_sdk_win_64/winarm/armgcc/bin/../lib/gcc/arm-none-eabi/7.2.1/../../../../arm-none-eabi/lib/thumb/v7e-m\libg_nano.a(lib_a-memchr.o)
                              d:/03- imt sdk/imt_sdk_win_64/winarm/armgcc/bin/../lib/gcc/arm-none-eabi/7.2.1/../../../../arm-none-eabi/lib/thumb/v7e-m\libg_nano.a(lib_a-nano-svfprintf.o) (memchr)
d:/03- imt sdk/imt_sdk_win_64/winarm/armgcc/bin/../lib/gcc/arm-none-eabi/7.2.1/../../../../arm-none-eabi/lib/thumb/v7e-m\libg_nano.a(lib_a-memcpy-stub.o)
                              d:/03- imt sdk/imt_sdk_win_64/winarm/armgcc/bin/../lib/gcc/arm-none-eabi/7.2.1/../../../../arm-none-eabi/lib/thumb/v7e-m\libg_nano.a(lib_a-nano-svfprintf.o) (memcpy)
d:/03- imt sdk/imt_sdk_win_64/winarm/armgcc/bin/../lib/gcc/arm-none-eabi/7.2.1/../../../../arm-none-eabi/lib/thumb/v7e-m\libg_nano.a(lib_a-memmove.o)
                              d:/03- imt sdk/imt_sdk_win_64/winarm/armgcc/bin/../lib/gcc/arm-none-eabi/7.2.1/../../../../arm-none-eabi/lib/thumb/v7e-m\libg_nano.a(lib_a-nano-svfprintf.o) (memmove)
d:/03- imt sdk/imt_sdk_win_64/winarm/armgcc/bin/../lib/gcc/arm-none-eabi/7.2.1/../../../../arm-none-eabi/lib/thumb/v7e-m\libg_nano.a(lib_a-nano-freer.o)
                              d:/03- imt sdk/imt_sdk_win_64/winarm/armgcc/bin/../lib/gcc/arm-none-eabi/7.2.1/../../../../arm-none-eabi/lib/thumb/v7e-m\libg_nano.a(lib_a-nano-svfprintf.o) (_free_r)
d:/03- imt sdk/imt_sdk_win_64/winarm/armgcc/bin/../lib/gcc/arm-none-eabi/7.2.1/../../../../arm-none-eabi/lib/thumb/v7e-m\libg_nano.a(lib_a-nano-mallocr.o)
                              d:/03- imt sdk/imt_sdk_win_64/winarm/armgcc/bin/../lib/gcc/arm-none-eabi/7.2.1/../../../../arm-none-eabi/lib/thumb/v7e-m\libg_nano.a(lib_a-nano-svfprintf.o) (_malloc_r)
d:/03- imt sdk/imt_sdk_win_64/winarm/armgcc/bin/../lib/gcc/arm-none-eabi/7.2.1/../../../../arm-none-eabi/lib/thumb/v7e-m\libg_nano.a(lib_a-nano-reallocr.o)
                              d:/03- imt sdk/imt_sdk_win_64/winarm/armgcc/bin/../lib/gcc/arm-none-eabi/7.2.1/../../../../arm-none-eabi/lib/thumb/v7e-m\libg_nano.a(lib_a-nano-svfprintf.o) (_realloc_r)
d:/03- imt sdk/imt_sdk_win_64/winarm/armgcc/bin/../lib/gcc/arm-none-eabi/7.2.1/../../../../arm-none-eabi/lib/thumb/v7e-m\libg_nano.a(lib_a-sbrkr.o)
                              d:/03- imt sdk/imt_sdk_win_64/winarm/armgcc/bin/../lib/gcc/arm-none-eabi/7.2.1/../../../../arm-none-eabi/lib/thumb/v7e-m\libg_nano.a(lib_a-nano-mallocr.o) (_sbrk_r)
d:/03- imt sdk/imt_sdk_win_64/winarm/armgcc/bin/../lib/gcc/arm-none-eabi/7.2.1/../../../../arm-none-eabi/lib/thumb/v7e-m\libg_nano.a(lib_a-mlock.o)
                              d:/03- imt sdk/imt_sdk_win_64/winarm/armgcc/bin/../lib/gcc/arm-none-eabi/7.2.1/../../../../arm-none-eabi/lib/thumb/v7e-m\libg_nano.a(lib_a-nano-freer.o) (__malloc_lock)
d:/03- imt sdk/imt_sdk_win_64/winarm/armgcc/bin/../lib/gcc/arm-none-eabi/7.2.1/../../../../arm-none-eabi/lib/thumb/v7e-m\libg_nano.a(lib_a-nano-msizer.o)
                              d:/03- imt sdk/imt_sdk_win_64/winarm/armgcc/bin/../lib/gcc/arm-none-eabi/7.2.1/../../../../arm-none-eabi/lib/thumb/v7e-m\libg_nano.a(lib_a-nano-reallocr.o) (_malloc_usable_size_r)

Allocating common symbols
Common symbol       size              file

[...]
Memory Configuration

Name             Origin             Length             Attributes
RAM              0x20000000         0x00010000         xrw
CCMRAM           0x10000000         0x00000000         xrw
FLASH            0x08000000         0x00040000         xr
FLASHB1          0x00000000         0x00000000         xr
EXTMEMB0         0x00000000         0x00000000         xr
EXTMEMB1         0x00000000         0x00000000         xr
EXTMEMB2         0x00000000         0x00000000         xr
EXTMEMB3         0x00000000         0x00000000         xr
*default*        0x00000000         0xffffffff

Linker script and memory map

LOAD ./system/src/stm32f4-hal/stm32f4xx_hal.o
LOAD ./system/src/stm32f4-hal/stm32f4xx_hal_cortex.o
LOAD ./system/src/stm32f4-hal/stm32f4xx_hal_dfsdm.o
LOAD ./system/src/stm32f4-hal/stm32f4xx_hal_flash.o
LOAD ./system/src/stm32f4-hal/stm32f4xx_hal_gpio.o
LOAD ./system/src/stm32f4-hal/stm32f4xx_hal_iwdg.o
LOAD ./system/src/stm32f4-hal/stm32f4xx_hal_pwr.o
LOAD ./system/src/stm32f4-hal/stm32f4xx_hal_rcc.o
LOAD ./system/src/newlib/_cxx.o
LOAD ./system/src/newlib/_exit.o
LOAD ./system/src/newlib/_sbrk.o
LOAD ./system/src/newlib/_startup.o
LOAD ./system/src/newlib/_syscalls.o
LOAD ./system/src/newlib/assert.o
LOAD ./system/src/diag/Trace.o
LOAD ./system/src/diag/trace_impl.o
LOAD ./system/src/cortexm/_initialize_hardware.o
LOAD ./system/src/cortexm/_reset_hardware.o
LOAD ./system/src/cortexm/exception_handlers.o
LOAD ./system/src/cmsis/system_stm32f4xx.o
LOAD ./system/src/cmsis/vectors_stm32f401xc.o
LOAD ./src/Delay_Program.o
LOAD ./src/GPTIM _program.o
LOAD ./src/HTFT_Program.o
LOAD ./src/IR_Prog.o
LOAD ./src/MEXTI_prog.o
LOAD ./src/MGPIO_program.o
LOAD ./src/MNVIC_Program.o
LOAD ./src/MRCC_prog.o
LOAD ./src/MSPI_Program.o
LOAD ./src/MSYSTICK_Program.o
LOAD ./src/MUSART_Program.o
LOAD ./src/S2P_program.o
LOAD ./src/main.o
LOAD d:/03- imt sdk/imt_sdk_win_64/winarm/armgcc/bin/../lib/gcc/arm-none-eabi/7.2.1/../../../../arm-none-eabi/lib/thumb/v7e-m\libstdc++_nano.a
LOAD d:/03- imt sdk/imt_sdk_win_64/winarm/armgcc/bin/../lib/gcc/arm-none-eabi/7.2.1/../../../../arm-none-eabi/lib/thumb/v7e-m\libm.a
START GROUP
LOAD d:/03- imt sdk/imt_sdk_win_64/winarm/armgcc/bin/../lib/gcc/arm-none-eabi/7.2.1/thumb/v7e-m\libgcc.a
LOAD d:/03- imt sdk/imt_sdk_win_64/winarm/armgcc/bin/../lib/gcc/arm-none-eabi/7.2.1/../../../../arm-none-eabi/lib/thumb/v7e-m\libg_nano.a
LOAD d:/03- imt sdk/imt_sdk_win_64/winarm/armgcc/bin/../lib/gcc/arm-none-eabi/7.2.1/../../../../arm-none-eabi/lib/thumb/v7e-m\libc_nano.a
END GROUP
START GROUP
LOAD d:/03- imt sdk/imt_sdk_win_64/winarm/armgcc/bin/../lib/gcc/arm-none-eabi/7.2.1/thumb/v7e-m\libgcc.a
LOAD d:/03- imt sdk/imt_sdk_win_64/winarm/armgcc/bin/../lib/gcc/arm-none-eabi/7.2.1/../../../../arm-none-eabi/lib/thumb/v7e-m\libc_nano.a
END GROUP
                0x20010000                __stack = (ORIGIN (RAM) + LENGTH (RAM))
                0x20010000                _estack = __stack
                0x00000400                __Main_Stack_Size = 0x400
                [!provide]                PROVIDE (_Main_Stack_Size, __Main_Stack_Size)
                0x2000fc00                __Main_Stack_Limit = (__stack - __Main_Stack_Size)
                [!provide]                PROVIDE (_Main_Stack_Limit, __Main_Stack_Limit)
                0x00000100                _Minimum_Stack_Size = 0x100
                0x20000234                PROVIDE (_Heap_Begin, _end_noinit)
                0x2000fc00                PROVIDE (_Heap_Limit, (__stack - __Main_Stack_Size))

.isr_vector     0x08000000      0x3f4
 FILL mask 0xff
                0x08000000                __vectors_start = ABSOLUTE (.)
                0x08000000                __vectors_start__ = ABSOLUTE (.)
 *(.isr_vector)
 .isr_vector    0x08000000      0x194 ./system/src/cmsis/vectors_stm32f401xc.o
                0x08000000                __isr_vectors
 *(.cfmconfig)
 *(.after_vectors .after_vectors.*)
 .after_vectors
                0x08000194      0x130 ./system/src/newlib/_startup.o
                0x08000194                _start
 .after_vectors
                0x080002c4      0x12c ./system/src/cortexm/exception_handlers.o
                0x080002c4                Reset_Handler
                0x080002ca                NMI_Handler
                0x080002ce                HardFault_Handler
                0x080002e2                HardFault_Handler_C
                0x08000340                MemManage_Handler
                0x08000344                BusFault_Handler
                0x08000358                BusFault_Handler_C
                0x0800038c                UsageFault_Handler
                0x080003a0                UsageFault_Handler_C
                0x080003d4                SVC_Handler
                0x080003d8                DebugMon_Handler
                0x080003dc                PendSV_Handler
 .after_vectors
                0x080003f0        0x4 ./system/src/cmsis/vectors_stm32f401xc.o
                0x080003f0                RTC_Alarm_IRQHandler
                0x080003f0                EXTI2_IRQHandler
                0x080003f0                SPI4_IRQHandler
                0x080003f0                TIM1_CC_IRQHandler
                0x080003f0                DMA2_Stream5_IRQHandler
                0x080003f0                DMA1_Stream5_IRQHandler
                0x080003f0                PVD_IRQHandler
                0x080003f0                SDIO_IRQHandler
                0x080003f0                TAMP_STAMP_IRQHandler
                0x080003f0                EXTI3_IRQHandler
                0x080003f0                TIM1_UP_TIM10_IRQHandler
                0x080003f0                I2C3_ER_IRQHandler
                0x080003f0                I2C2_EV_IRQHandler
                0x080003f0                DMA1_Stream2_IRQHandler
                0x080003f0                FPU_IRQHandler
                0x080003f0                DMA2_Stream2_IRQHandler
                0x080003f0                TIM1_BRK_TIM9_IRQHandler
                0x080003f0                DMA2_Stream3_IRQHandler
                0x080003f0                USART6_IRQHandler
                0x080003f0                DMA2_Stream0_IRQHandler
                0x080003f0                I2C1_EV_IRQHandler
                0x080003f0                DMA1_Stream6_IRQHandler
                0x080003f0                DMA1_Stream1_IRQHandler
                0x080003f0                RCC_IRQHandler
                0x080003f0                Default_Handler
                0x080003f0                EXTI15_10_IRQHandler
                0x080003f0                ADC_IRQHandler
                0x080003f0                DMA1_Stream7_IRQHandler
                0x080003f0                TIM5_IRQHandler
                0x080003f0                DMA2_Stream7_IRQHandler
                0x080003f0                I2C3_EV_IRQHandler
                0x080003f0                EXTI9_5_IRQHandler
                0x080003f0                RTC_WKUP_IRQHandler
                0x080003f0                SPI2_IRQHandler
                0x080003f0                DMA1_Stream0_IRQHandler
                0x080003f0                EXTI4_IRQHandler
                0x080003f0                WWDG_IRQHandler
                0x080003f0                OTG_FS_WKUP_IRQHandler
                0x080003f0                TIM1_TRG_COM_TIM11_IRQHandler
                0x080003f0                USART2_IRQHandler
                0x080003f0                I2C2_ER_IRQHandler
                0x080003f0                DMA2_Stream1_IRQHandler
                0x080003f0                FLASH_IRQHandler
                0x080003f0                DMA2_Stream4_IRQHandler
                0x080003f0                OTG_FS_IRQHandler
                0x080003f0                SPI3_IRQHandler
                0x080003f0                DMA1_Stream4_IRQHandler
                0x080003f0                I2C1_ER_IRQHandler
                0x080003f0                DMA2_Stream6_IRQHandler
                0x080003f0                DMA1_Stream3_IRQHandler

.inits          0x080003f4       0x28
                0x080003f4                __data_regions_array_start = .
                0x080003f4        0x4 LONG 0x802a51c LOADADDR (.data)
                0x080003f8        0x4 LONG 0x20000000 ADDR (.data)
                0x080003fc        0x4 LONG 0x2000007c (ADDR (.data) + SIZEOF (.data))
                0x08000400        0x4 LONG 0x802a51c LOADADDR (.data_CCMRAM)
                0x08000404        0x4 LONG 0x10000000 ADDR (.data_CCMRAM)
                0x08000408        0x4 LONG 0x10000000 (ADDR (.data_CCMRAM) + SIZEOF (.data_CCMRAM))
                0x0800040c                __data_regions_array_end = .
                0x0800040c                __bss_regions_array_start = .
                0x0800040c        0x4 LONG 0x2000007c ADDR (.bss)
                0x08000410        0x4 LONG 0x20000234 (ADDR (.bss) + SIZEOF (.bss))
                0x08000414        0x4 LONG 0x10000000 ADDR (.bss_CCMRAM)
                0x08000418        0x4 LONG 0x10000000 (ADDR (.bss_CCMRAM) + SIZEOF (.bss_CCMRAM))
                0x0800041c                __bss_regions_array_end = .
 *(.init)
 *(.fini)
                0x0800041c                . = ALIGN (0x4)
                0x0800041c                PROVIDE (__preinit_array_start, .)
 *(.preinit_array_sysinit .preinit_array_sysinit.*)
 *(.preinit_array_platform .preinit_array_platform.*)
 *(.preinit_array .preinit_array.*)
                0x0800041c                PROVIDE (__preinit_array_end, .)
                0x0800041c                . = ALIGN (0x4)
                0x0800041c                PROVIDE (__init_array_start, .)
 *(SORT_BY_NAME(.init_array.*))
 *(.init_array)
                0x0800041c                PROVIDE (__init_array_end, .)
                0x0800041c                . = ALIGN (0x4)
                0x0800041c                PROVIDE (__fini_array_start, .)
 *(SORT_BY_NAME(.fini_array.*))
 *(.fini_array)
                0x0800041c                PROVIDE (__fini_array_end, .)

.flashtext
 *(.flashtext .flashtext.*)

.text           0x08000420    0x2a0fb
 *(.text .text.*)
 .text._exit    0x08000420        0x2 ./system/src/newlib/_exit.o
                0x08000420                _exit
 *fill*         0x08000422        0x2 
 .text._sbrk    0x08000424       0x44 ./system/src/newlib/_sbrk.o
                0x08000424                _sbrk
 .text.__initialize_args
                0x08000468       0x10 ./system/src/newlib/_syscalls.o
                0x08000468                __initialize_args
 .text.trace_printf
                0x08000478       0x30 ./system/src/diag/Trace.o
                0x08000478                trace_printf
 .text._trace_write_semihosting_debug
                0x080004a8       0x60 ./system/src/diag/trace_impl.o
 .text.trace_write
                0x08000508        0x8 ./system/src/diag/trace_impl.o
                0x08000508                trace_write
 .text.__initialize_hardware_early
                0x08000510       0x18 ./system/src/cortexm/_initialize_hardware.o
                0x08000510                __initialize_hardware_early
 .text.__initialize_hardware
                0x08000528        0x8 ./system/src/cortexm/_initialize_hardware.o
                0x08000528                __initialize_hardware
 .text.dumpExceptionStack
                0x08000530       0xf4 ./system/src/cortexm/exception_handlers.o
                0x08000530                dumpExceptionStack
 .text.isSemihosting
                0x08000624       0x20 ./system/src/cortexm/exception_handlers.o
                0x08000624                isSemihosting
 .text.SystemInit
                0x08000644       0x40 ./system/src/cmsis/system_stm32f4xx.o
                0x08000644                SystemInit
 .text.SystemCoreClockUpdate
                0x08000684       0xa0 ./system/src/cmsis/system_stm32f4xx.o
                0x08000684                SystemCoreClockUpdate
 .text.Delay_vMsIn16MHz
                0x08000724       0x46 ./src/Delay_Program.o
                0x08000724                Delay_vMsIn16MHz
 .text.TIM2_voidInit
                0x0800076a       0x3a ./src/GPTIM _program.o
                0x0800076a                TIM2_voidInit
 .text.TIM2_voidSetBusyWait
                0x080007a4       0x8c ./src/GPTIM _program.o
                0x080007a4                TIM2_voidSetBusyWait
 .text.TIM2_IRQHandler
                0x08000830       0xe0 ./src/GPTIM _program.o
                0x08000830                TIM2_IRQHandler
 .text.TIM3_IRQHandler
                0x08000910       0xd8 ./src/GPTIM _program.o
                0x08000910                TIM3_IRQHandler
 .text.TIM4_IRQHandler
                0x080009e8       0xd8 ./src/GPTIM _program.o
                0x080009e8                TIM4_IRQHandler
 .text.voidWriteData
                0x08000ac0       0x16 ./src/HTFT_Program.o
 .text.voidWriteCommand
                0x08000ad6       0x16 ./src/HTFT_Program.o
 .text.HTFT_voidInitialize
                0x08000aec       0x7c ./src/HTFT_Program.o
                0x08000aec                HTFT_voidInitialize
 .text.HTFT_voidDisplayImage
                0x08000b68       0x70 ./src/HTFT_Program.o
                0x08000b68                HTFT_voidDisplayImage
 .text.App_voidPlay
                0x08000bd8       0x28 ./src/IR_Prog.o
                0x08000bd8                App_voidPlay
 .text.App_voidTakeAction
                0x08000c00       0x9c ./src/IR_Prog.o
                0x08000c00                App_voidTakeAction
 .text.App_voidGetFrame
                0x08000c9c       0x50 ./src/IR_Prog.o
                0x08000c9c                App_voidGetFrame
 .text.MEXTI_voidSetSignalLatch
                0x08000cec       0x4c ./src/MEXTI_prog.o
                0x08000cec                MEXTI_voidSetSignalLatch
 .text.MEXTI0_voidSetCallBack
                0x08000d38        0xc ./src/MEXTI_prog.o
                0x08000d38                MEXTI0_voidSetCallBack
 .text.MEXTI_voidSetEXTIConfiguration
                0x08000d44       0x60 ./src/MEXTI_prog.o
                0x08000d44                MEXTI_voidSetEXTIConfiguration
 .text.EXTI0_IRQHandler
                0x08000da4       0x1c ./src/MEXTI_prog.o
                0x08000da4                EXTI0_IRQHandler
 .text.EXTI1_IRQHandler
                0x08000dc0       0x1c ./src/MEXTI_prog.o
                0x08000dc0                EXTI1_IRQHandler
 .text.MGPIO_voidSetPinMode
                0x08000ddc       0x7c ./src/MGPIO_program.o
                0x08000ddc                MGPIO_voidSetPinMode
 .text.MGPIO_voidSetPinOutPutType
                0x08000e58       0x70 ./src/MGPIO_program.o
                0x08000e58                MGPIO_voidSetPinOutPutType
 .text.MGPIO_voidSetPinOutSpeed
                0x08000ec8       0x7c ./src/MGPIO_program.o
                0x08000ec8                MGPIO_voidSetPinOutSpeed
 .text.MGPIO_voidSetPullType
                0x08000f44       0x7c ./src/MGPIO_program.o
                0x08000f44                MGPIO_voidSetPullType
 .text.MGPIO_voidWriteData
                0x08000fc0      0x108 ./src/MGPIO_program.o
                0x08000fc0                MGPIO_voidWriteData
 .text.MGPIO_voidSetPinAltFn
                0x080010c8      0x118 ./src/MGPIO_program.o
                0x080010c8                MGPIO_voidSetPinAltFn
 .text.MNVIC_voidEnableInterrupt
                0x080011e0       0x18 ./src/MNVIC_Program.o
                0x080011e0                MNVIC_voidEnableInterrupt
 .text.MNVIC_voidInitInterruptGroup
                0x080011f8       0x14 ./src/MNVIC_Program.o
                0x080011f8                MNVIC_voidInitInterruptGroup
 .text.MNVIC_voidSetInterruptPriority
                0x0800120c       0x40 ./src/MNVIC_Program.o
                0x0800120c                MNVIC_voidSetInterruptPriority
 .text.MRCC_voidEnablePeripheralClock
                0x0800124c       0x5c ./src/MRCC_prog.o
                0x0800124c                MRCC_voidEnablePeripheralClock
 .text.MRCC_voidInitSystemClk
                0x080012a8       0x20 ./src/MRCC_prog.o
                0x080012a8                MRCC_voidInitSystemClk
 .text.MSPI1_voidInit
                0x080012c8       0x10 ./src/MSPI_Program.o
                0x080012c8                MSPI1_voidInit
 .text.MSPI1_voidSendDataU8
                0x080012d8       0x34 ./src/MSPI_Program.o
                0x080012d8                MSPI1_voidSendDataU8
 .text.SPI1_IRQHandler
                0x0800130c       0x10 ./src/MSPI_Program.o
                0x0800130c                SPI1_IRQHandler
 .text.SysTick_Handler
                0x0800131c       0x24 ./src/MSYSTICK_Program.o
                0x0800131c                SysTick_Handler
 .text.MSTK_voidInit
                0x08001340        0xc ./src/MSYSTICK_Program.o
                0x08001340                MSTK_voidInit
 .text.MSTK_voidStart
                0x0800134c       0x18 ./src/MSYSTICK_Program.o
                0x0800134c                MSTK_voidStart
 .text.MSTK_voidINTStatus
                0x08001364       0x18 ./src/MSYSTICK_Program.o
                0x08001364                MSTK_voidINTStatus
 .text.MSTK_u8ReadFlag
                0x0800137c       0x10 ./src/MSYSTICK_Program.o
                0x0800137c                MSTK_u8ReadFlag
 .text.MSTK_voidSetCallBack
                0x0800138c        0xc ./src/MSYSTICK_Program.o
                0x0800138c                MSTK_voidSetCallBack
 .text.MSTK_voidSetIntervalSingle
                0x08001398       0x30 ./src/MSYSTICK_Program.o
                0x08001398                MSTK_voidSetIntervalSingle
 .text.MSTK_u32GetElapsedTime
                0x080013c8       0x10 ./src/MSYSTICK_Program.o
                0x080013c8                MSTK_u32GetElapsedTime
 .text.MSTK_voidDelayMs
                0x080013d8       0x24 ./src/MSYSTICK_Program.o
                0x080013d8                MSTK_voidDelayMs
 .text.MUSART_GetHandler
                0x080013fc       0x20 ./src/MUSART_Program.o
 .text.MSUART_voidInit
                0x0800141c       0x60 ./src/MUSART_Program.o
                0x0800141c                MSUART_voidInit
 .text.MUSART_voidEnable
                0x0800147c       0x40 ./src/MUSART_Program.o
                0x0800147c                MUSART_voidEnable
 .text.MUSART_u8ReadData
                0x080014bc        0xc ./src/MUSART_Program.o
                0x080014bc                MUSART_u8ReadData
 .text.HSTP_voidSendSynchrous
                0x080014c8       0x62 ./src/S2P_program.o
                0x080014c8                HSTP_voidSendSynchrous
 *fill*         0x0800152a        0x2 
 .text.print_welcome
                0x0800152c      0xfd0 ./src/S2P_program.o
                0x0800152c                print_welcome
 .text.warning  0x080024fc      0xe10 ./src/S2P_program.o
                0x080024fc                warning
 .text.App_voidSetDAC
                0x0800330c       0x38 ./src/main.o
                0x0800330c                App_voidSetDAC
 .text.App_voidSetDAC1
                0x08003344       0x38 ./src/main.o
                0x08003344                App_voidSetDAC1
 .text.main     0x0800337c      0x21c ./src/main.o
                0x0800337c                main
 .text.USART1_IRQHandler
                0x08003598       0x14 ./src/main.o
                0x08003598                USART1_IRQHandler
 .text.__errno  0x080035ac        0xc d:/03- imt sdk/imt_sdk_win_64/winarm/armgcc/bin/../lib/gcc/arm-none-eabi/7.2.1/../../../../arm-none-eabi/lib/thumb/v7e-m\libg_nano.a(lib_a-errno.o)
                0x080035ac                __errno
 .text._vsnprintf_r
                0x080035b8       0x58 d:/03- imt sdk/imt_sdk_win_64/winarm/armgcc/bin/../lib/gcc/arm-none-eabi/7.2.1/../../../../arm-none-eabi/lib/thumb/v7e-m\libg_nano.a(lib_a-vsnprintf.o)
                0x080035b8                _vsniprintf_r
                0x080035b8                _vsnprintf_r
 .text.vsnprintf
                0x08003610       0x1c d:/03- imt sdk/imt_sdk_win_64/winarm/armgcc/bin/../lib/gcc/arm-none-eabi/7.2.1/../../../../arm-none-eabi/lib/thumb/v7e-m\libg_nano.a(lib_a-vsnprintf.o)
                0x08003610                vsniprintf
                0x08003610                vsnprintf
 .text.__ssputs_r
                0x0800362c       0xb4 d:/03- imt sdk/imt_sdk_win_64/winarm/armgcc/bin/../lib/gcc/arm-none-eabi/7.2.1/../../../../arm-none-eabi/lib/thumb/v7e-m\libg_nano.a(lib_a-nano-svfprintf.o)
                0x0800362c                __ssputs_r
 .text._svfprintf_r
                0x080036e0      0x1ec d:/03- imt sdk/imt_sdk_win_64/winarm/armgcc/bin/../lib/gcc/arm-none-eabi/7.2.1/../../../../arm-none-eabi/lib/thumb/v7e-m\libg_nano.a(lib_a-nano-svfprintf.o)
                0x080036e0                _svfiprintf_r
                0x080036e0                _svfprintf_r
 .text._printf_common
                0x080038cc       0xea d:/03- imt sdk/imt_sdk_win_64/winarm/armgcc/bin/../lib/gcc/arm-none-eabi/7.2.1/../../../../arm-none-eabi/lib/thumb/v7e-m\libg_nano.a(lib_a-nano-vfprintf_i.o)
                0x080038cc                _printf_common
 *fill*         0x080039b6        0x2 
 .text._printf_i
                0x080039b8      0x224 d:/03- imt sdk/imt_sdk_win_64/winarm/armgcc/bin/../lib/gcc/arm-none-eabi/7.2.1/../../../../arm-none-eabi/lib/thumb/v7e-m\libg_nano.a(lib_a-nano-vfprintf_i.o)
                0x080039b8                _printf_i
 *fill*         0x08003bdc        0x4 
 .text          0x08003be0       0xa0 d:/03- imt sdk/imt_sdk_win_64/winarm/armgcc/bin/../lib/gcc/arm-none-eabi/7.2.1/../../../../arm-none-eabi/lib/thumb/v7e-m\libg_nano.a(lib_a-memchr.o)
                0x08003be0                memchr
 .text.memcpy   0x08003c80       0x16 d:/03- imt sdk/imt_sdk_win_64/winarm/armgcc/bin/../lib/gcc/arm-none-eabi/7.2.1/../../../../arm-none-eabi/lib/thumb/v7e-m\libg_nano.a(lib_a-memcpy-stub.o)
                0x08003c80                memcpy
 .text.memmove  0x08003c96       0x32 d:/03- imt sdk/imt_sdk_win_64/winarm/armgcc/bin/../lib/gcc/arm-none-eabi/7.2.1/../../../../arm-none-eabi/lib/thumb/v7e-m\libg_nano.a(lib_a-memmove.o)
                0x08003c96                memmove
 .text._free_r  0x08003cc8       0x9c d:/03- imt sdk/imt_sdk_win_64/winarm/armgcc/bin/../lib/gcc/arm-none-eabi/7.2.1/../../../../arm-none-eabi/lib/thumb/v7e-m\libg_nano.a(lib_a-nano-freer.o)
                0x08003cc8                _free_r
 .text._malloc_r
                0x08003d64       0xb4 d:/03- imt sdk/imt_sdk_win_64/winarm/armgcc/bin/../lib/gcc/arm-none-eabi/7.2.1/../../../../arm-none-eabi/lib/thumb/v7e-m\libg_nano.a(lib_a-nano-mallocr.o)
                0x08003d64                _malloc_r
 .text._realloc_r
                0x08003e18       0x4c d:/03- imt sdk/imt_sdk_win_64/winarm/armgcc/bin/../lib/gcc/arm-none-eabi/7.2.1/../../../../arm-none-eabi/lib/thumb/v7e-m\libg_nano.a(lib_a-nano-reallocr.o)
                0x08003e18                _realloc_r
 .text._sbrk_r  0x08003e64       0x20 d:/03- imt sdk/imt_sdk_win_64/winarm/armgcc/bin/../lib/gcc/arm-none-eabi/7.2.1/../../../../arm-none-eabi/lib/thumb/v7e-m\libg_nano.a(lib_a-sbrkr.o)
                0x08003e64                _sbrk_r
 .text.__malloc_lock
                0x08003e84        0x2 d:/03- imt sdk/imt_sdk_win_64/winarm/armgcc/bin/../lib/gcc/arm-none-eabi/7.2.1/../../../../arm-none-eabi/lib/thumb/v7e-m\libg_nano.a(lib_a-mlock.o)
                0x08003e84                __malloc_lock
 .text.__malloc_unlock
                0x08003e86        0x2 d:/03- imt sdk/imt_sdk_win_64/winarm/armgcc/bin/../lib/gcc/arm-none-eabi/7.2.1/../../../../arm-none-eabi/lib/thumb/v7e-m\libg_nano.a(lib_a-mlock.o)
                0x08003e86                __malloc_unlock
 .text._malloc_usable_size_r
                0x08003e88       0x10 d:/03- imt sdk/imt_sdk_win_64/winarm/armgcc/bin/../lib/gcc/arm-none-eabi/7.2.1/../../../../arm-none-eabi/lib/thumb/v7e-m\libg_nano.a(lib_a-nano-msizer.o)
                0x08003e88                _malloc_usable_size_r
 *(.rodata .rodata.* .constdata .constdata.*)
 .rodata.dumpExceptionStack.str1.4
                0x08003e98      0x11a ./system/src/cortexm/exception_handlers.o
 *fill*         0x08003fb2        0x2 
 .rodata.str1.4
                0x08003fb4       0x2c ./system/src/cortexm/exception_handlers.o
                                 0x2a (size before relaxing)
 .rodata.AHBPrescTable
                0x08003fe0       0x10 ./system/src/cmsis/system_stm32f4xx.o
                0x08003fe0                AHBPrescTable
 .rodata.all_is_well
                0x08003ff0     0xa000 ./src/main.o
                0x08003ff0                all_is_well
 .rodata.pic2   0x0800dff0     0xa000 ./src/main.o
                0x0800dff0                pic2
 .rodata.speedwarning_raw
                0x08017ff0     0x4678 ./src/main.o
                0x08017ff0                speedwarning_raw
 .rodata.welcome1
                0x0801c668     0xa000 ./src/main.o
                0x0801c668                welcome1
 .rodata.welcome_msg_raw
                0x08026668     0x3e80 ./src/main.o
                0x08026668                welcome_msg_raw
 .rodata._svfprintf_r.str1.1
                0x0802a4e8       0x11 d:/03- imt sdk/imt_sdk_win_64/winarm/armgcc/bin/../lib/gcc/arm-none-eabi/7.2.1/../../../../arm-none-eabi/lib/thumb/v7e-m\libg_nano.a(lib_a-nano-svfprintf.o)
 .rodata._printf_i.str1.1
                0x0802a4f9       0x22 d:/03- imt sdk/imt_sdk_win_64/winarm/armgcc/bin/../lib/gcc/arm-none-eabi/7.2.1/../../../../arm-none-eabi/lib/thumb/v7e-m\libg_nano.a(lib_a-nano-vfprintf_i.o)
 *(vtable)
 *(.eh_frame*)
 *(.glue_7)
 .glue_7        0x0802a51b        0x0 linker stubs
 *(.glue_7t)
 .glue_7t       0x0802a51b        0x0 linker stubs

.vfp11_veneer   0x0802a51c        0x0
 .vfp11_veneer  0x0802a51c        0x0 linker stubs

.v4_bx          0x0802a51c        0x0
 .v4_bx         0x0802a51c        0x0 linker stubs

.iplt           0x0802a51c        0x0
 .iplt          0x0802a51c        0x0 ./system/src/newlib/_exit.o

.rel.dyn        0x0802a51c        0x0
 .rel.iplt      0x0802a51c        0x0 ./system/src/newlib/_exit.o

.ARM.extab
 *(.ARM.extab* .gnu.linkonce.armextab.*)
                0x0802a51c                . = ALIGN (0x4)
                0x0802a51c                __exidx_start = .

.ARM.exidx
 *(.ARM.exidx* .gnu.linkonce.armexidx.*)
                0x0802a51c                __exidx_end = .
                0x0802a51c                . = ALIGN (0x4)
                0x0802a51c                _etext = .
                0x0802a51c                __etext = .

.data_CCMRAM    0x10000000        0x0 load address 0x0802a51c
 FILL mask 0xff
 *(.data.CCMRAM .data.CCMRAM.*)
                0x10000000                . = ALIGN (0x4)
                0x0802a51c                _sidata = LOADADDR (.data)

.data           0x20000000       0x7c load address 0x0802a51c
 FILL mask 0xff
                0x20000000                _sdata = .
                0x20000000                __data_start__ = .
 *(.data_begin .data_begin.*)
 .data_begin    0x20000000        0x4 ./system/src/newlib/_startup.o
 *(.data .data.*)
 .data.argv.4310
                0x20000004        0x8 ./system/src/newlib/_syscalls.o
 .data.SystemCoreClock
                0x2000000c        0x4 ./system/src/cmsis/system_stm32f4xx.o
                0x2000000c                SystemCoreClock
 .data.Global2_u8Flag
                0x20000010        0x1 ./src/GPTIM _program.o
 .data.Global3_u8Flag
                0x20000011        0x1 ./src/GPTIM _program.o
 .data.Global4_u8Flag
                0x20000012        0x1 ./src/GPTIM _program.o
 *fill*         0x20000013        0x1 ff
 .data._impure_ptr
                0x20000014        0x4 d:/03- imt sdk/imt_sdk_win_64/winarm/armgcc/bin/../lib/gcc/arm-none-eabi/7.2.1/../../../../arm-none-eabi/lib/thumb/v7e-m\libg_nano.a(lib_a-impure.o)
                0x20000014                _impure_ptr
 .data.impure_data
                0x20000018       0x60 d:/03- imt sdk/imt_sdk_win_64/winarm/armgcc/bin/../lib/gcc/arm-none-eabi/7.2.1/../../../../arm-none-eabi/lib/thumb/v7e-m\libg_nano.a(lib_a-impure.o)
 *(.data_end .data_end.*)
 .data_end      0x20000078        0x4 ./system/src/newlib/_startup.o
                0x2000007c                . = ALIGN (0x4)
                0x2000007c                _edata = .
                0x2000007c                __data_end__ = .

.igot.plt       0x2000007c        0x0 load address 0x0802a598
 .igot.plt      0x2000007c        0x0 ./system/src/newlib/_exit.o

.bss_CCMRAM     0x10000000        0x0
 *(.bss.CCMRAM .bss.CCMRAM.*)

.bss            0x2000007c      0x1b8
                0x2000007c                __bss_start__ = .
                0x2000007c                _sbss = .
 *(.bss_begin .bss_begin.*)
 .bss_begin     0x2000007c        0x4 ./system/src/newlib/_startup.o
 *(.bss .bss.*)
 .bss.current_heap_end.3961
                0x20000080        0x4 ./system/src/newlib/_sbrk.o
 .bss.name.4309
                0x20000084        0x1 ./system/src/newlib/_syscalls.o
 *fill*         0x20000085        0x3 
 .bss.buf.5205  0x20000088       0x80 ./system/src/diag/Trace.o
 .bss.Global2_u32CopyRoutine
                0x20000108        0x4 ./src/GPTIM _program.o
 .bss.Global2_u32Fraction
                0x2000010c        0x4 ./src/GPTIM _program.o
 .bss.Global2_u32Routine
                0x20000110        0x4 ./src/GPTIM _program.o
 .bss.Global3_u32CopyRoutine
                0x20000114        0x4 ./src/GPTIM _program.o
 .bss.Global3_u32Fraction
                0x20000118        0x4 ./src/GPTIM _program.o
 .bss.Global3_u32Routine
                0x2000011c        0x4 ./src/GPTIM _program.o
 .bss.Global4_u32CopyRoutine
                0x20000120        0x4 ./src/GPTIM _program.o
 .bss.Global4_u32Fraction
                0x20000124        0x4 ./src/GPTIM _program.o
 .bss.Global4_u32Routine
                0x20000128        0x4 ./src/GPTIM _program.o
 .bss.TIM2_CallBack
                0x2000012c        0x4 ./src/GPTIM _program.o
 .bss.TIM2_u8ModeOfInterval
                0x20000130        0x1 ./src/GPTIM _program.o
 *fill*         0x20000131        0x3 
 .bss.TIM3_CallBack
                0x20000134        0x4 ./src/GPTIM _program.o
 .bss.TIM3_u8ModeOfInterval
                0x20000138        0x1 ./src/GPTIM _program.o
 *fill*         0x20000139        0x3 
 .bss.TIM4_CallBack
                0x2000013c        0x4 ./src/GPTIM _program.o
 .bss.TIM4_u8ModeOfInterval
                0x20000140        0x1 ./src/GPTIM _program.o
 *fill*         0x20000141        0x3 
 .bss.Global_u32FrameData
                0x20000144       0xc8 ./src/IR_Prog.o
                0x20000144                Global_u32FrameData
 .bss.Global_u8Data
                0x2000020c        0x1 ./src/IR_Prog.o
                0x2000020c                Global_u8Data
 .bss.Global_u8EdgeCounter
                0x2000020d        0x1 ./src/IR_Prog.o
                0x2000020d                Global_u8EdgeCounter
 .bss.Global_u8Flag
                0x2000020e        0x1 ./src/IR_Prog.o
                0x2000020e                Global_u8Flag
 .bss.flag      0x2000020f        0x1 ./src/IR_Prog.o
                0x2000020f                flag
 .bss.EXTI0_CallBack
                0x20000210        0x4 ./src/MEXTI_prog.o
 .bss.EXTI1_CallBack
                0x20000214        0x4 ./src/MEXTI_prog.o
 .bss.ALL_flag  0x20000218        0x1 ./src/main.o
 .bss.L_u8msg   0x20000219        0x1 ./src/main.o
 .bss.i         0x2000021a        0x2 ./src/main.o
                0x2000021a                i
 .bss.__malloc_free_list
                0x2000021c        0x4 d:/03- imt sdk/imt_sdk_win_64/winarm/armgcc/bin/../lib/gcc/arm-none-eabi/7.2.1/../../../../arm-none-eabi/lib/thumb/v7e-m\libg_nano.a(lib_a-nano-mallocr.o)
                0x2000021c                __malloc_free_list
 .bss.__malloc_sbrk_start
                0x20000220        0x4 d:/03- imt sdk/imt_sdk_win_64/winarm/armgcc/bin/../lib/gcc/arm-none-eabi/7.2.1/../../../../arm-none-eabi/lib/thumb/v7e-m\libg_nano.a(lib_a-nano-mallocr.o)
                0x20000220                __malloc_sbrk_start
 *(COMMON)
 COMMON         0x20000224        0x4 ./system/src/newlib/_syscalls.o
                0x20000224                errno
 COMMON         0x20000228        0x4 ./src/MSPI_Program.o
                0x20000228                MSPI1_CallBack
 COMMON         0x2000022c        0x4 ./src/MSYSTICK_Program.o
                0x2000022c                MSTK_CallBack
 *(.bss_end .bss_end.*)
 .bss_end       0x20000230        0x4 ./system/src/newlib/_startup.o
                0x20000234                . = ALIGN (0x4)
                0x20000234                __bss_end__ = .
                0x20000234                _ebss = .

.noinit_CCMRAM
 *(.noinit.CCMRAM .noinit.CCMRAM.*)

.noinit         0x20000234        0x0
                0x20000234                _noinit = .
 *(.noinit .noinit.*)
                0x20000234                . = ALIGN (0x4)
                0x20000234                _end_noinit = .
                [!provide]                PROVIDE (end, _end_noinit)
                [!provide]                PROVIDE (_end, _end_noinit)
                [!provide]                PROVIDE (__end, _end_noinit)
                [!provide]                PROVIDE (__end__, _end_noinit)

._check_stack   0x20000234      0x100
                0x20000334                . = (. + _Minimum_Stack_Size)
 *fill*         0x20000234      0x100 

.b1text
 *(.b1text)
 *(.b1rodata)
 *(.b1rodata.*)

.eb0text
 *(.eb0text)
 *(.eb0rodata)
 *(.eb0rodata.*)

.eb1text
 *(.eb1text)
 *(.eb1rodata)
 *(.eb1rodata.*)

.eb2text
 *(.eb2text)
 *(.eb2rodata)
 *(.eb2rodata.*)

.eb3text
 *(.eb3text)
 *(.eb3rodata)
 *(.eb3rodata.*)

.stab
 *(.stab)

.stabstr
 *(.stabstr)

.stab.excl
 *(.stab.excl)

.stab.exclstr
 *(.stab.exclstr)

.stab.index
 *(.stab.index)

.stab.indexstr
 *(.stab.indexstr)

.comment        0x00000000       0x7e
 *(.comment)
 .comment       0x00000000       0x7e ./system/src/newlib/_exit.o
                                 0x7f (size before relaxing)
 .comment       0x0000007e       0x7f ./system/src/newlib/_sbrk.o
 .comment       0x0000007e       0x7f ./system/src/newlib/_startup.o
 .comment       0x0000007e       0x7f ./system/src/newlib/_syscalls.o
 .comment       0x0000007e       0x7f ./system/src/diag/Trace.o
 .comment       0x0000007e       0x7f ./system/src/diag/trace_impl.o
 .comment       0x0000007e       0x7f ./system/src/cortexm/_initialize_hardware.o
 .comment       0x0000007e       0x7f ./system/src/cortexm/exception_handlers.o
 .comment       0x0000007e       0x7f ./system/src/cmsis/system_stm32f4xx.o
 .comment       0x0000007e       0x7f ./system/src/cmsis/vectors_stm32f401xc.o
 .comment       0x0000007e       0x7f ./src/Delay_Program.o
 .comment       0x0000007e       0x7f ./src/GPTIM _program.o
 .comment       0x0000007e       0x7f ./src/HTFT_Program.o
 .comment       0x0000007e       0x7f ./src/IR_Prog.o
 .comment       0x0000007e       0x7f ./src/MEXTI_prog.o
 .comment       0x0000007e       0x7f ./src/MGPIO_program.o
 .comment       0x0000007e       0x7f ./src/MNVIC_Program.o
 .comment       0x0000007e       0x7f ./src/MRCC_prog.o
 .comment       0x0000007e       0x7f ./src/MSPI_Program.o
 .comment       0x0000007e       0x7f ./src/MSYSTICK_Program.o
 .comment       0x0000007e       0x7f ./src/MUSART_Program.o
 .comment       0x0000007e       0x7f ./src/S2P_program.o
 .comment       0x0000007e       0x7f ./src/main.o

.ARM.attributes
                0x00000000       0x31
 .ARM.attributes
                0x00000000       0x33 ./system/src/newlib/_exit.o
 .ARM.attributes
                0x00000033       0x33 ./system/src/newlib/_sbrk.o
 .ARM.attributes
                0x00000066       0x33 ./system/src/newlib/_startup.o
 .ARM.attributes
                0x00000099       0x33 ./system/src/newlib/_syscalls.o
 .ARM.attributes
                0x000000cc       0x33 ./system/src/diag/Trace.o
 .ARM.attributes
                0x000000ff       0x33 ./system/src/diag/trace_impl.o
 .ARM.attributes
                0x00000132       0x33 ./system/src/cortexm/_initialize_hardware.o
 .ARM.attributes
                0x00000165       0x33 ./system/src/cortexm/exception_handlers.o
 .ARM.attributes
                0x00000198       0x33 ./system/src/cmsis/system_stm32f4xx.o
 .ARM.attributes
                0x000001cb       0x33 ./system/src/cmsis/vectors_stm32f401xc.o
 .ARM.attributes
                0x000001fe       0x33 ./src/Delay_Program.o
 .ARM.attributes
                0x00000231       0x33 ./src/GPTIM _program.o
 .ARM.attributes
                0x00000264       0x33 ./src/HTFT_Program.o
 .ARM.attributes
                0x00000297       0x33 ./src/IR_Prog.o
 .ARM.attributes
                0x000002ca       0x33 ./src/MEXTI_prog.o
 .ARM.attributes
                0x000002fd       0x33 ./src/MGPIO_program.o
 .ARM.attributes
                0x00000330       0x33 ./src/MNVIC_Program.o
 .ARM.attributes
                0x00000363       0x33 ./src/MRCC_prog.o
 .ARM.attributes
                0x00000396       0x33 ./src/MSPI_Program.o
 .ARM.attributes
                0x000003c9       0x33 ./src/MSYSTICK_Program.o
 .ARM.attributes
                0x000003fc       0x33 ./src/MUSART_Program.o
 .ARM.attributes
                0x0000042f       0x33 ./src/S2P_program.o
 .ARM.attributes
                0x00000462       0x33 ./src/main.o
 .ARM.attributes
                0x00000495       0x2e d:/03- imt sdk/imt_sdk_win_64/winarm/armgcc/bin/../lib/gcc/arm-none-eabi/7.2.1/../../../../arm-none-eabi/lib/thumb/v7e-m\libg_nano.a(lib_a-errno.o)
 .ARM.attributes
                0x000004c3       0x2e d:/03- imt sdk/imt_sdk_win_64/winarm/armgcc/bin/../lib/gcc/arm-none-eabi/7.2.1/../../../../arm-none-eabi/lib/thumb/v7e-m\libg_nano.a(lib_a-impure.o)
 .ARM.attributes
                0x000004f1       0x2e d:/03- imt sdk/imt_sdk_win_64/winarm/armgcc/bin/../lib/gcc/arm-none-eabi/7.2.1/../../../../arm-none-eabi/lib/thumb/v7e-m\libg_nano.a(lib_a-vsnprintf.o)
 .ARM.attributes
                0x0000051f       0x2e d:/03- imt sdk/imt_sdk_win_64/winarm/armgcc/bin/../lib/gcc/arm-none-eabi/7.2.1/../../../../arm-none-eabi/lib/thumb/v7e-m\libg_nano.a(lib_a-nano-svfprintf.o)
 .ARM.attributes
                0x0000054d       0x2e d:/03- imt sdk/imt_sdk_win_64/winarm/armgcc/bin/../lib/gcc/arm-none-eabi/7.2.1/../../../../arm-none-eabi/lib/thumb/v7e-m\libg_nano.a(lib_a-nano-vfprintf_i.o)
 .ARM.attributes
                0x0000057b       0x1c d:/03- imt sdk/imt_sdk_win_64/winarm/armgcc/bin/../lib/gcc/arm-none-eabi/7.2.1/../../../../arm-none-eabi/lib/thumb/v7e-m\libg_nano.a(lib_a-memchr.o)
 .ARM.attributes
                0x00000597       0x2e d:/03- imt sdk/imt_sdk_win_64/winarm/armgcc/bin/../lib/gcc/arm-none-eabi/7.2.1/../../../../arm-none-eabi/lib/thumb/v7e-m\libg_nano.a(lib_a-memcpy-stub.o)
 .ARM.attributes
                0x000005c5       0x2e d:/03- imt sdk/imt_sdk_win_64/winarm/armgcc/bin/../lib/gcc/arm-none-eabi/7.2.1/../../../../arm-none-eabi/lib/thumb/v7e-m\libg_nano.a(lib_a-memmove.o)
 .ARM.attributes
                0x000005f3       0x2e d:/03- imt sdk/imt_sdk_win_64/winarm/armgcc/bin/../lib/gcc/arm-none-eabi/7.2.1/../../../../arm-none-eabi/lib/thumb/v7e-m\libg_nano.a(lib_a-nano-freer.o)
 .ARM.attributes
                0x00000621       0x2e d:/03- imt sdk/imt_sdk_win_64/winarm/armgcc/bin/../lib/gcc/arm-none-eabi/7.2.1/../../../../arm-none-eabi/lib/thumb/v7e-m\libg_nano.a(lib_a-nano-mallocr.o)
 .ARM.attributes
                0x0000064f       0x2e d:/03- imt sdk/imt_sdk_win_64/winarm/armgcc/bin/../lib/gcc/arm-none-eabi/7.2.1/../../../../arm-none-eabi/lib/thumb/v7e-m\libg_nano.a(lib_a-nano-reallocr.o)
 .ARM.attributes
                0x0000067d       0x2e d:/03- imt sdk/imt_sdk_win_64/winarm/armgcc/bin/../lib/gcc/arm-none-eabi/7.2.1/../../../../arm-none-eabi/lib/thumb/v7e-m\libg_nano.a(lib_a-sbrkr.o)
 .ARM.attributes
                0x000006ab       0x2e d:/03- imt sdk/imt_sdk_win_64/winarm/armgcc/bin/../lib/gcc/arm-none-eabi/7.2.1/../../../../arm-none-eabi/lib/thumb/v7e-m\libg_nano.a(lib_a-mlock.o)
 .ARM.attributes
                0x000006d9       0x2e d:/03- imt sdk/imt_sdk_win_64/winarm/armgcc/bin/../lib/gcc/arm-none-eabi/7.2.1/../../../../arm-none-eabi/lib/thumb/v7e-m\libg_nano.a(lib_a-nano-msizer.o)

.debug
 *(.debug)

.line
 *(.line)

.debug_srcinfo
 *(.debug_srcinfo)

.debug_sfnames
 *(.debug_sfnames)

.debug_aranges  0x00000000      0x6c0
 *(.debug_aranges)
 .debug_aranges
                0x00000000       0x28 ./system/src/newlib/_exit.o
 .debug_aranges
                0x00000028       0x20 ./system/src/newlib/_sbrk.o
 .debug_aranges
                0x00000048       0x40 ./system/src/newlib/_startup.o
 .debug_aranges
                0x00000088       0x30 ./system/src/newlib/_syscalls.o
 .debug_aranges
                0x000000b8       0x38 ./system/src/diag/Trace.o
 .debug_aranges
                0x000000f0       0x30 ./system/src/diag/trace_impl.o
 .debug_aranges
                0x00000120       0x28 ./system/src/cortexm/_initialize_hardware.o
 .debug_aranges
                0x00000148       0x90 ./system/src/cortexm/exception_handlers.o
 .debug_aranges
                0x000001d8       0x28 ./system/src/cmsis/system_stm32f4xx.o
 .debug_aranges
                0x00000200       0x20 ./system/src/cmsis/vectors_stm32f401xc.o
 .debug_aranges
                0x00000220       0x28 ./src/Delay_Program.o
 .debug_aranges
                0x00000248      0x110 ./src/GPTIM _program.o
 .debug_aranges
                0x00000358       0x38 ./src/HTFT_Program.o
 .debug_aranges
                0x00000390       0x30 ./src/IR_Prog.o
 .debug_aranges
                0x000003c0       0x68 ./src/MEXTI_prog.o
 .debug_aranges
                0x00000428       0x60 ./src/MGPIO_program.o
 .debug_aranges
                0x00000488       0x58 ./src/MNVIC_Program.o
 .debug_aranges
                0x000004e0       0x48 ./src/MRCC_prog.o
 .debug_aranges
                0x00000528       0x38 ./src/MSPI_Program.o
 .debug_aranges
                0x00000560       0x90 ./src/MSYSTICK_Program.o
 .debug_aranges
                0x000005f0       0x48 ./src/MUSART_Program.o
 .debug_aranges
                0x00000638       0x50 ./src/S2P_program.o
 .debug_aranges
                0x00000688       0x38 ./src/main.o

.debug_pubnames
 *(.debug_pubnames)

.debug_info     0x00000000    0x11d10
 *(.debug_info .gnu.linkonce.wi.*)
 .debug_info    0x00000000      0x956 ./system/src/newlib/_exit.o
 .debug_info    0x00000956      0x942 ./system/src/newlib/_sbrk.o
 .debug_info    0x00001298      0x4bf ./system/src/newlib/_startup.o
 .debug_info    0x00001757      0xa19 ./system/src/newlib/_syscalls.o
 .debug_info    0x00002170      0xb2a ./system/src/diag/Trace.o
 .debug_info    0x00002c9a      0xb6b ./system/src/diag/trace_impl.o
 .debug_info    0x00003805      0xade ./system/src/cortexm/_initialize_hardware.o
 .debug_info    0x000042e3     0x115a ./system/src/cortexm/exception_handlers.o
 .debug_info    0x0000543d      0xcfe ./system/src/cmsis/system_stm32f4xx.o
 .debug_info    0x0000613b       0xca ./system/src/cmsis/vectors_stm32f401xc.o
 .debug_info    0x00006205      0x105 ./src/Delay_Program.o
 .debug_info    0x0000630a      0x840 ./src/GPTIM _program.o
 .debug_info    0x00006b4a      0x3ee ./src/HTFT_Program.o
 .debug_info    0x00006f38      0x1d6 ./src/IR_Prog.o
 .debug_info    0x0000710e      0x265 ./src/MEXTI_prog.o
 .debug_info    0x00007373      0x360 ./src/MGPIO_program.o
 .debug_info    0x000076d3      0x341 ./src/MNVIC_Program.o
 .debug_info    0x00007a14      0x3ca ./src/MRCC_prog.o
 .debug_info    0x00007dde      0x1cf ./src/MSPI_Program.o
 .debug_info    0x00007fad      0x3bd ./src/MSYSTICK_Program.o
 .debug_info    0x0000836a      0x3ac ./src/MUSART_Program.o
 .debug_info    0x00008716     0x8d93 ./src/S2P_program.o
 .debug_info    0x000114a9      0x867 ./src/main.o

.debug_abbrev   0x00000000     0x24ba
 *(.debug_abbrev)
 .debug_abbrev  0x00000000      0x1f3 ./system/src/newlib/_exit.o
 .debug_abbrev  0x000001f3      0x1fc ./system/src/newlib/_sbrk.o
 .debug_abbrev  0x000003ef      0x1cb ./system/src/newlib/_startup.o
 .debug_abbrev  0x000005ba      0x234 ./system/src/newlib/_syscalls.o
 .debug_abbrev  0x000007ee      0x276 ./system/src/diag/Trace.o
 .debug_abbrev  0x00000a64      0x2ef ./system/src/diag/trace_impl.o
 .debug_abbrev  0x00000d53      0x1de ./system/src/cortexm/_initialize_hardware.o
 .debug_abbrev  0x00000f31      0x32b ./system/src/cortexm/exception_handlers.o
 .debug_abbrev  0x0000125c      0x216 ./system/src/cmsis/system_stm32f4xx.o
 .debug_abbrev  0x00001472       0x9d ./system/src/cmsis/vectors_stm32f401xc.o
 .debug_abbrev  0x0000150f       0x86 ./src/Delay_Program.o
 .debug_abbrev  0x00001595      0x1a8 ./src/GPTIM _program.o
 .debug_abbrev  0x0000173d       0xcf ./src/HTFT_Program.o
 .debug_abbrev  0x0000180c       0xf2 ./src/IR_Prog.o
 .debug_abbrev  0x000018fe      0x12d ./src/MEXTI_prog.o
 .debug_abbrev  0x00001a2b      0x121 ./src/MGPIO_program.o
 .debug_abbrev  0x00001b4c      0x137 ./src/MNVIC_Program.o
 .debug_abbrev  0x00001c83      0x102 ./src/MRCC_prog.o
 .debug_abbrev  0x00001d85      0x13b ./src/MSPI_Program.o
 .debug_abbrev  0x00001ec0      0x1ce ./src/MSYSTICK_Program.o
 .debug_abbrev  0x0000208e      0x17e ./src/MUSART_Program.o
 .debug_abbrev  0x0000220c      0x10b ./src/S2P_program.o
 .debug_abbrev  0x00002317      0x1a3 ./src/main.o

.debug_line     0x00000000     0x5c41
 *(.debug_line)
 .debug_line    0x00000000      0x327 ./system/src/newlib/_exit.o
 .debug_line    0x00000327      0x2db ./system/src/newlib/_sbrk.o
 .debug_line    0x00000602      0x3a3 ./system/src/newlib/_startup.o
 .debug_line    0x000009a5      0x3e7 ./system/src/newlib/_syscalls.o
 .debug_line    0x00000d8c      0x3a3 ./system/src/diag/Trace.o
 .debug_line    0x0000112f      0xa97 ./system/src/diag/trace_impl.o
 .debug_line    0x00001bc6      0xa00 ./system/src/cortexm/_initialize_hardware.o
 .debug_line    0x000025c6      0xb4e ./system/src/cortexm/exception_handlers.o
 .debug_line    0x00003114      0xa06 ./system/src/cmsis/system_stm32f4xx.o
 .debug_line    0x00003b1a       0xf8 ./system/src/cmsis/vectors_stm32f401xc.o
 .debug_line    0x00003c12       0xca ./src/Delay_Program.o
 .debug_line    0x00003cdc      0x46e ./src/GPTIM _program.o
 .debug_line    0x0000414a      0x195 ./src/HTFT_Program.o
 .debug_line    0x000042df      0x13c ./src/IR_Prog.o
 .debug_line    0x0000441b      0x17a ./src/MEXTI_prog.o
 .debug_line    0x00004595      0x1db ./src/MGPIO_program.o
 .debug_line    0x00004770      0x148 ./src/MNVIC_Program.o
 .debug_line    0x000048b8      0x13d ./src/MRCC_prog.o
 .debug_line    0x000049f5      0x138 ./src/MSPI_Program.o
 .debug_line    0x00004b2d      0x1f8 ./src/MSYSTICK_Program.o
 .debug_line    0x00004d25      0x148 ./src/MUSART_Program.o
 .debug_line    0x00004e6d      0xb0d ./src/S2P_program.o
 .debug_line    0x0000597a      0x2c7 ./src/main.o

.debug_frame    0x00000000      0xfc0
 *(.debug_frame)
 .debug_frame   0x00000000       0x38 ./system/src/newlib/_exit.o
 .debug_frame   0x00000038       0x28 ./system/src/newlib/_sbrk.o
 .debug_frame   0x00000060       0x7c ./system/src/newlib/_startup.o
 .debug_frame   0x000000dc       0x50 ./system/src/newlib/_syscalls.o
 .debug_frame   0x0000012c       0x94 ./system/src/diag/Trace.o
 .debug_frame   0x000001c0       0x64 ./system/src/diag/trace_impl.o
 .debug_frame   0x00000224       0x40 ./system/src/cortexm/_initialize_hardware.o
 .debug_frame   0x00000264      0x158 ./system/src/cortexm/exception_handlers.o
 .debug_frame   0x000003bc       0x30 ./system/src/cmsis/system_stm32f4xx.o
 .debug_frame   0x000003ec       0x20 ./system/src/cmsis/vectors_stm32f401xc.o
 .debug_frame   0x0000040c       0x40 ./src/Delay_Program.o
 .debug_frame   0x0000044c      0x248 ./src/GPTIM _program.o
 .debug_frame   0x00000694       0x74 ./src/HTFT_Program.o
 .debug_frame   0x00000708       0x54 ./src/IR_Prog.o
 .debug_frame   0x0000075c       0xc0 ./src/MEXTI_prog.o
 .debug_frame   0x0000081c       0xac ./src/MGPIO_program.o
 .debug_frame   0x000008c8       0x90 ./src/MNVIC_Program.o
 .debug_frame   0x00000958       0x70 ./src/MRCC_prog.o
 .debug_frame   0x000009c8       0x60 ./src/MSPI_Program.o
 .debug_frame   0x00000a28      0x124 ./src/MSYSTICK_Program.o
 .debug_frame   0x00000b4c       0x84 ./src/MUSART_Program.o
 .debug_frame   0x00000bd0       0xc4 ./src/S2P_program.o
 .debug_frame   0x00000c94       0x64 ./src/main.o
 .debug_frame   0x00000cf8       0x20 d:/03- imt sdk/imt_sdk_win_64/winarm/armgcc/bin/../lib/gcc/arm-none-eabi/7.2.1/../../../../arm-none-eabi/lib/thumb/v7e-m\libg_nano.a(lib_a-errno.o)
 .debug_frame   0x00000d18       0x4c d:/03- imt sdk/imt_sdk_win_64/winarm/armgcc/bin/../lib/gcc/arm-none-eabi/7.2.1/../../../../arm-none-eabi/lib/thumb/v7e-m\libg_nano.a(lib_a-vsnprintf.o)
 .debug_frame   0x00000d64       0x90 d:/03- imt sdk/imt_sdk_win_64/winarm/armgcc/bin/../lib/gcc/arm-none-eabi/7.2.1/../../../../arm-none-eabi/lib/thumb/v7e-m\libg_nano.a(lib_a-nano-svfprintf.o)
 .debug_frame   0x00000df4       0x60 d:/03- imt sdk/imt_sdk_win_64/winarm/armgcc/bin/../lib/gcc/arm-none-eabi/7.2.1/../../../../arm-none-eabi/lib/thumb/v7e-m\libg_nano.a(lib_a-nano-vfprintf_i.o)
 .debug_frame   0x00000e54       0x28 d:/03- imt sdk/imt_sdk_win_64/winarm/armgcc/bin/../lib/gcc/arm-none-eabi/7.2.1/../../../../arm-none-eabi/lib/thumb/v7e-m\libg_nano.a(lib_a-memcpy-stub.o)
 .debug_frame   0x00000e7c       0x28 d:/03- imt sdk/imt_sdk_win_64/winarm/armgcc/bin/../lib/gcc/arm-none-eabi/7.2.1/../../../../arm-none-eabi/lib/thumb/v7e-m\libg_nano.a(lib_a-memmove.o)
 .debug_frame   0x00000ea4       0x38 d:/03- imt sdk/imt_sdk_win_64/winarm/armgcc/bin/../lib/gcc/arm-none-eabi/7.2.1/../../../../arm-none-eabi/lib/thumb/v7e-m\libg_nano.a(lib_a-nano-freer.o)
 .debug_frame   0x00000edc       0x2c d:/03- imt sdk/imt_sdk_win_64/winarm/armgcc/bin/../lib/gcc/arm-none-eabi/7.2.1/../../../../arm-none-eabi/lib/thumb/v7e-m\libg_nano.a(lib_a-nano-mallocr.o)
 .debug_frame   0x00000f08       0x3c d:/03- imt sdk/imt_sdk_win_64/winarm/armgcc/bin/../lib/gcc/arm-none-eabi/7.2.1/../../../../arm-none-eabi/lib/thumb/v7e-m\libg_nano.a(lib_a-nano-reallocr.o)
 .debug_frame   0x00000f44       0x2c d:/03- imt sdk/imt_sdk_win_64/winarm/armgcc/bin/../lib/gcc/arm-none-eabi/7.2.1/../../../../arm-none-eabi/lib/thumb/v7e-m\libg_nano.a(lib_a-sbrkr.o)
 .debug_frame   0x00000f70       0x30 d:/03- imt sdk/imt_sdk_win_64/winarm/armgcc/bin/../lib/gcc/arm-none-eabi/7.2.1/../../../../arm-none-eabi/lib/thumb/v7e-m\libg_nano.a(lib_a-mlock.o)
 .debug_frame   0x00000fa0       0x20 d:/03- imt sdk/imt_sdk_win_64/winarm/armgcc/bin/../lib/gcc/arm-none-eabi/7.2.1/../../../../arm-none-eabi/lib/thumb/v7e-m\libg_nano.a(lib_a-nano-msizer.o)

.debug_str      0x00000000    0x763f5
 *(.debug_str)
 .debug_str     0x00000000     0x7d13 ./system/src/newlib/_exit.o
                               0x7ee6 (size before relaxing)
 .debug_str     0x00007d13      0x4f5 ./system/src/newlib/_sbrk.o
                               0x7298 (size before relaxing)
 .debug_str     0x00008208      0xc23 ./system/src/newlib/_startup.o
                               0x6a39 (size before relaxing)
 .debug_str     0x00008e2b      0xe8b ./system/src/newlib/_syscalls.o
                               0x8173 (size before relaxing)
 .debug_str     0x00009cb6      0x826 ./system/src/diag/Trace.o
                               0x865e (size before relaxing)
 .debug_str     0x0000a4dc    0x67a2e ./system/src/diag/trace_impl.o
                              0x70984 (size before relaxing)
 .debug_str     0x00071f0a       0xc4 ./system/src/cortexm/_initialize_hardware.o
                              0x6f716 (size before relaxing)
 .debug_str     0x00071fce      0x1a6 ./system/src/cortexm/exception_handlers.o
                              0x70b0e (size before relaxing)
 .debug_str     0x00072174      0x164 ./system/src/cmsis/system_stm32f4xx.o
                              0x6f7f7 (size before relaxing)
 .debug_str     0x000722d8       0x59 ./system/src/cmsis/vectors_stm32f401xc.o
                               0x3876 (size before relaxing)
 .debug_str     0x00072331      0x258 ./src/Delay_Program.o
                               0x2ff6 (size before relaxing)
 .debug_str     0x00072589      0x69f ./src/GPTIM _program.o
                               0x3656 (size before relaxing)
 .debug_str     0x00072c28     0x165b ./src/HTFT_Program.o
                               0x460c (size before relaxing)
 .debug_str     0x00074283       0xc0 ./src/IR_Prog.o
                               0x4393 (size before relaxing)
 .debug_str     0x00074343      0x3b9 ./src/MEXTI_prog.o
                               0x3340 (size before relaxing)
 .debug_str     0x000746fc      0x19f ./src/MGPIO_program.o
                               0x442d (size before relaxing)
 .debug_str     0x0007489b      0x2c7 ./src/MNVIC_Program.o
                               0x328d (size before relaxing)
 .debug_str     0x00074b62      0xbcd ./src/MRCC_prog.o
                               0x3c5c (size before relaxing)
 .debug_str     0x0007572f      0x1b6 ./src/MSPI_Program.o
                               0x4693 (size before relaxing)
 .debug_str     0x000758e5      0x24a ./src/MSYSTICK_Program.o
                               0x3288 (size before relaxing)
 .debug_str     0x00075b2f      0x6aa ./src/MUSART_Program.o
                               0x3666 (size before relaxing)
 .debug_str     0x000761d9      0x14c ./src/S2P_program.o
                               0x44a3 (size before relaxing)
 .debug_str     0x00076325       0xd0 ./src/main.o
                               0x53d2 (size before relaxing)

.debug_loc      0x00000000     0x2992
 *(.debug_loc)
 .debug_loc     0x00000000       0x85 ./system/src/newlib/_sbrk.o
 .debug_loc     0x00000085      0x2cb ./system/src/newlib/_startup.o
 .debug_loc     0x00000350       0x63 ./system/src/newlib/_syscalls.o
 .debug_loc     0x000003b3       0xf6 ./system/src/diag/Trace.o
 .debug_loc     0x000004a9      0x121 ./system/src/diag/trace_impl.o
 .debug_loc     0x000005ca      0x291 ./system/src/cortexm/exception_handlers.o
 .debug_loc     0x0000085b      0x13e ./system/src/cmsis/system_stm32f4xx.o
 .debug_loc     0x00000999      0x58f ./src/GPTIM _program.o
 .debug_loc     0x00000f28       0xa8 ./src/HTFT_Program.o
 .debug_loc     0x00000fd0       0x2a ./src/IR_Prog.o
 .debug_loc     0x00000ffa      0x127 ./src/MEXTI_prog.o
 .debug_loc     0x00001121     0x1079 ./src/MGPIO_program.o
 .debug_loc     0x0000219a      0x228 ./src/MNVIC_Program.o
 .debug_loc     0x000023c2      0x235 ./src/MRCC_prog.o
 .debug_loc     0x000025f7       0x21 ./src/MSPI_Program.o
 .debug_loc     0x00002618       0xeb ./src/MSYSTICK_Program.o
 .debug_loc     0x00002703      0x159 ./src/MUSART_Program.o
 .debug_loc     0x0000285c       0xed ./src/S2P_program.o
 .debug_loc     0x00002949       0x49 ./src/main.o

.debug_macinfo
 *(.debug_macinfo)

.debug_weaknames
 *(.debug_weaknames)

.debug_funcnames
 *(.debug_funcnames)

.debug_typenames
 *(.debug_typenames)

.debug_varnames
 *(.debug_varnames)
OUTPUT(IMT_IR_DAC_TFT_TM.elf elf32-littlearm)

.debug_ranges   0x00000000      0x5e0
 .debug_ranges  0x00000000       0x18 ./system/src/newlib/_exit.o
 .debug_ranges  0x00000018       0x10 ./system/src/newlib/_sbrk.o
 .debug_ranges  0x00000028       0x90 ./system/src/newlib/_startup.o
 .debug_ranges  0x000000b8       0x20 ./system/src/newlib/_syscalls.o
 .debug_ranges  0x000000d8       0x28 ./system/src/diag/Trace.o
 .debug_ranges  0x00000100       0x50 ./system/src/diag/trace_impl.o
 .debug_ranges  0x00000150       0x18 ./system/src/cortexm/_initialize_hardware.o
 .debug_ranges  0x00000168       0x80 ./system/src/cortexm/exception_handlers.o
 .debug_ranges  0x000001e8       0x18 ./system/src/cmsis/system_stm32f4xx.o
 .debug_ranges  0x00000200       0x10 ./system/src/cmsis/vectors_stm32f401xc.o
 .debug_ranges  0x00000210       0x18 ./src/Delay_Program.o
 .debug_ranges  0x00000228      0x100 ./src/GPTIM _program.o
 .debug_ranges  0x00000328       0x28 ./src/HTFT_Program.o
 .debug_ranges  0x00000350       0x20 ./src/IR_Prog.o
 .debug_ranges  0x00000370       0x58 ./src/MEXTI_prog.o
 .debug_ranges  0x000003c8       0x50 ./src/MGPIO_program.o
 .debug_ranges  0x00000418       0x48 ./src/MNVIC_Program.o
 .debug_ranges  0x00000460       0x38 ./src/MRCC_prog.o
 .debug_ranges  0x00000498       0x28 ./src/MSPI_Program.o
 .debug_ranges  0x000004c0       0x80 ./src/MSYSTICK_Program.o
 .debug_ranges  0x00000540       0x38 ./src/MUSART_Program.o
 .debug_ranges  0x00000578       0x40 ./src/S2P_program.o
 .debug_ranges  0x000005b8       0x28 ./src/main.o

.debug_macro    0x00000000     0x4301
 .debug_macro   0x00000000      0x1b4 ./system/src/newlib/_exit.o
 .debug_macro   0x000001b4      0x10e ./system/src/newlib/_exit.o
 .debug_macro   0x000002c2       0x8d ./system/src/newlib/_exit.o
 .debug_macro   0x0000034f       0x35 ./system/src/newlib/_exit.o
 .debug_macro   0x00000384      0x169 ./system/src/newlib/_sbrk.o
 .debug_macro   0x000004ed      0x174 ./system/src/newlib/_sbrk.o
 .debug_macro   0x00000661       0x10 ./system/src/newlib/_sbrk.o
 .debug_macro   0x00000671      0x23b ./system/src/newlib/_sbrk.o
 .debug_macro   0x000008ac      0x173 ./system/src/newlib/_startup.o
 .debug_macro   0x00000a1f      0xa72 ./system/src/newlib/_startup.o
 .debug_macro   0x00001491      0x217 ./system/src/newlib/_syscalls.o
 .debug_macro   0x000016a8       0x1c ./system/src/newlib/_syscalls.o
 .debug_macro   0x000016c4       0x10 ./system/src/newlib/_syscalls.o
 .debug_macro   0x000016d4       0x10 ./system/src/newlib/_syscalls.o
 .debug_macro   0x000016e4       0x10 ./system/src/newlib/_syscalls.o
 .debug_macro   0x000016f4       0x35 ./system/src/newlib/_syscalls.o
 .debug_macro   0x00001729      0x122 ./system/src/newlib/_syscalls.o
 .debug_macro   0x0000184b       0x88 ./system/src/newlib/_syscalls.o
 .debug_macro   0x000018d3       0x2b ./system/src/newlib/_syscalls.o
 .debug_macro   0x000018fe      0x118 ./system/src/newlib/_syscalls.o
 .debug_macro   0x00001a16      0x189 ./system/src/newlib/_syscalls.o
 .debug_macro   0x00001b9f       0x16 ./system/src/newlib/_syscalls.o
 .debug_macro   0x00001bb5      0x1fb ./system/src/diag/Trace.o
 .debug_macro   0x00001db0       0x4c ./system/src/diag/Trace.o
 .debug_macro   0x00001dfc       0x16 ./system/src/diag/Trace.o
 .debug_macro   0x00001e12      0x52a ./system/src/diag/trace_impl.o
 .debug_macro   0x0000233c       0x22 ./system/src/diag/trace_impl.o
 .debug_macro   0x0000235e      0x4ee ./system/src/cortexm/_initialize_hardware.o
 .debug_macro   0x0000284c      0x557 ./system/src/cortexm/exception_handlers.o
 .debug_macro   0x00002da3       0x3b ./system/src/cortexm/exception_handlers.o
 .debug_macro   0x00002dde      0x4ea ./system/src/cmsis/system_stm32f4xx.o
 .debug_macro   0x000032c8       0x34 ./system/src/cmsis/vectors_stm32f401xc.o
 .debug_macro   0x000032fc       0x31 ./src/Delay_Program.o
 .debug_macro   0x0000332d       0x1c ./src/Delay_Program.o
 .debug_macro   0x00003349       0x46 ./src/Delay_Program.o
 .debug_macro   0x0000338f       0x48 ./src/GPTIM _program.o
 .debug_macro   0x000033d7       0x3a ./src/GPTIM _program.o
 .debug_macro   0x00003411       0x2e ./src/GPTIM _program.o
 .debug_macro   0x0000343f       0x16 ./src/GPTIM _program.o
 .debug_macro   0x00003455       0x8a ./src/HTFT_Program.o
 .debug_macro   0x000034df      0x1ce ./src/HTFT_Program.o
 .debug_macro   0x000036ad      0x160 ./src/HTFT_Program.o
 .debug_macro   0x0000380d       0xa0 ./src/HTFT_Program.o
 .debug_macro   0x000038ad       0x16 ./src/HTFT_Program.o
 .debug_macro   0x000038c3       0x16 ./src/HTFT_Program.o
 .debug_macro   0x000038d9       0x6a ./src/IR_Prog.o
 .debug_macro   0x00003943       0x48 ./src/MEXTI_prog.o
 .debug_macro   0x0000398b       0xa6 ./src/MEXTI_prog.o
 .debug_macro   0x00003a31       0x28 ./src/MEXTI_prog.o
 .debug_macro   0x00003a59       0x16 ./src/MEXTI_prog.o
 .debug_macro   0x00003a6f       0x63 ./src/MGPIO_program.o
 .debug_macro   0x00003ad2       0x4a ./src/MNVIC_Program.o
 .debug_macro   0x00003b1c       0x22 ./src/MNVIC_Program.o
 .debug_macro   0x00003b3e       0x62 ./src/MRCC_prog.o
 .debug_macro   0x00003ba0       0x9a ./src/MRCC_prog.o
 .debug_macro   0x00003c3a       0x1c ./src/MRCC_prog.o
 .debug_macro   0x00003c56      0x18b ./src/MRCC_prog.o
 .debug_macro   0x00003de1       0x7c ./src/MSPI_Program.o
 .debug_macro   0x00003e5d       0x9a ./src/MSPI_Program.o
 .debug_macro   0x00003ef7       0x3a ./src/MSPI_Program.o
 .debug_macro   0x00003f31       0x10 ./src/MSPI_Program.o
 .debug_macro   0x00003f41       0x4f ./src/MSYSTICK_Program.o
 .debug_macro   0x00003f90       0x16 ./src/MSYSTICK_Program.o
 .debug_macro   0x00003fa6       0x16 ./src/MSYSTICK_Program.o
 .debug_macro   0x00003fbc       0x49 ./src/MUSART_Program.o
 .debug_macro   0x00004005       0x2e ./src/MUSART_Program.o
 .debug_macro   0x00004033      0x124 ./src/MUSART_Program.o
 .debug_macro   0x00004157       0x86 ./src/S2P_program.o
 .debug_macro   0x000041dd       0x1c ./src/S2P_program.o
 .debug_macro   0x000041f9      0x108 ./src/main.o
